---
http_interactions:
- request:
    method: get
    uri: http://localhost:3000/cy/news/what-your-credit-report-reveals-about-you.json
    body:
      encoding: US-ASCII
      string: ''
    headers:
      User-Agent:
      - Faraday v0.8.9
      X-Request-Id:
      - df6f9bcd-0cb7-43db-a8d1-9171fc3b669c
      Accept-Encoding:
      - gzip;q=1.0,deflate;q=0.6,identity;q=0.3
      Accept:
      - "*/*"
  response:
    status:
      code: 404
      message: Not Found
    headers:
      Content-Type:
      - application/json; charset=utf-8
      X-Meta-Request-Version:
      - 0.2.8
      X-Ua-Compatible:
      - IE=Edge
      Cache-Control:
      - no-cache
      X-Session-Id:
      - f6532e018be8dcc669d3408313f79ffa
      Set-Cookie:
      - _cookie_notice=y; path=/; expires=Fri, 26-Jun-2015 15:16:09 GMT
      - _session_id=f6532e018be8dcc669d3408313f79ffa; path=/; HttpOnly
      - _web_tracking=8436c0762582affa2b8a90bb3269d565; path=/; expires=Fri, 26-Jun-2015
        15:16:09 GMT
      X-Request-Id:
      - df6f9bcd-0cb7-43db-a8d1-9171fc3b669c
      X-Runtime:
      - '3.157325'
      Connection:
      - close
      Server:
      - thin 1.5.1 codename Straight Razor
    body:
      encoding: UTF-8
      string: " "
    http_version: 
  recorded_at: Thu, 26 Jun 2014 15:16:12 GMT
- request:
    method: get
    uri: http://localhost:3000/cy/news/what-your-credit-report-reveals-about-you.json
    body:
      encoding: US-ASCII
      string: ''
    headers:
      User-Agent:
      - Faraday v0.8.9
      X-Request-Id:
      - df6f9bcd-0cb7-43db-a8d1-9171fc3b669c
      Accept-Encoding:
      - gzip;q=1.0,deflate;q=0.6,identity;q=0.3
      Accept:
      - "*/*"
  response:
    status:
      code: 404
      message: Not Found
    headers:
      Content-Type:
      - application/json; charset=utf-8
      X-Meta-Request-Version:
      - 0.2.8
      X-Ua-Compatible:
      - IE=Edge
      Cache-Control:
      - no-cache
      X-Session-Id:
      - bda785f163271a0b468dcc9d1482ef1d
      Set-Cookie:
      - _cookie_notice=y; path=/; expires=Fri, 26-Jun-2015 15:16:12 GMT
      - _session_id=bda785f163271a0b468dcc9d1482ef1d; path=/; HttpOnly
      - _web_tracking=f9998b539e260ecbea87836668050e82; path=/; expires=Fri, 26-Jun-2015
        15:16:12 GMT
      X-Request-Id:
      - df6f9bcd-0cb7-43db-a8d1-9171fc3b669c
      X-Runtime:
      - '0.209035'
      Connection:
      - close
      Server:
      - thin 1.5.1 codename Straight Razor
    body:
      encoding: UTF-8
      string: " "
    http_version: 
  recorded_at: Thu, 26 Jun 2014 15:16:12 GMT
- request:
    method: get
    uri: http://localhost:3000/cy/news/what-your-credit-report-reveals-about-you.json
    body:
      encoding: US-ASCII
      string: ''
    headers:
      User-Agent:
      - Faraday v0.8.9
      X-Request-Id:
      - df6f9bcd-0cb7-43db-a8d1-9171fc3b669c
      Accept-Encoding:
      - gzip;q=1.0,deflate;q=0.6,identity;q=0.3
      Accept:
      - "*/*"
  response:
    status:
      code: 404
      message: Not Found
    headers:
      Content-Type:
      - application/json; charset=utf-8
      X-Meta-Request-Version:
      - 0.2.8
      X-Ua-Compatible:
      - IE=Edge
      Cache-Control:
      - no-cache
      X-Session-Id:
      - fa3718415ae1aba6d9edb830267865ac
      Set-Cookie:
      - _cookie_notice=y; path=/; expires=Fri, 26-Jun-2015 15:16:12 GMT
      - _session_id=fa3718415ae1aba6d9edb830267865ac; path=/; HttpOnly
      - _web_tracking=3aa4731b7ba733df32980a1ecdc4992b; path=/; expires=Fri, 26-Jun-2015
        15:16:12 GMT
      X-Request-Id:
      - df6f9bcd-0cb7-43db-a8d1-9171fc3b669c
      X-Runtime:
      - '0.153361'
      Connection:
      - close
      Server:
      - thin 1.5.1 codename Straight Razor
    body:
      encoding: UTF-8
      string: " "
    http_version: 
  recorded_at: Thu, 26 Jun 2014 15:16:12 GMT
recorded_with: VCR 2.9.2
